[backblue.gif]
[fade.gif]
[index.html]
[webtactics.org/Assets/Social Sharing image.jpg]
[webtactics.org/Assets/Favicon.png]
[webtactics.org/Assets/generated/pricing-hero.webp]
[webtactics.org/Assets/Web Tactics Audio.mp3]
[webtactics.org/Assets/Web Tactics Promo.mp4]
[webtactics.org/Assets/generated/service-web.webp]
[webtactics.org/Assets/generated/service-marketing.webp]
[webtactics.org/Assets/generated/service-branding.webp]
[webtactics.org/Assets/generated/service-uiux.webp]
[webtactics.org/Assets/Multi-Million Dirham Impact.jpg]
[webtactics.org/Assets/Scaling Fashion Brands.jpg]
[webtactics.org/Assets/High-Performance Campaigns.jpg]
[webtactics.org/Assets/Elite Events & Experiences.jpg]
[webtactics.org/Assets/Strategic Tech Partnerships.jpg]
[webtactics.org/Assets/100+ Websites Delivered.jpg]
[webtactics.org/Assets/Full Creative Ecosystem.jpg]
[webtactics.org/index.html]
[www.googletagmanager.com/gtm5445.html]
[unpkg.com/three@0.160.0/build/three.module.js]
[unpkg.com/three@0.160.0/examples/jsm/postprocessing/EffectComposer.js]
[unpkg.com/three@0.160.0/examples/jsm/postprocessing/RenderPass.js]
[unpkg.com/three@0.160.0/examples/jsm/postprocessing/UnrealBloomPass.js]
[unpkg.com/three@0.160.0/examples/jsm/postprocessing/ShaderPass.js]
[unpkg.com/three@0.160.0/examples/jsm/postprocessing/MaskPass.js]
[unpkg.com/three@0.160.0/examples/jsm/postprocessing/Pass.js]
[unpkg.com/three@0.160.0/examples/jsm/shaders/CopyShader.js]
[unpkg.com/three@0.160.0/examples/jsm/shaders/LuminosityHighPassShader.js]
[unpkg.com/three@0.160.0/examples/jsm/environments/RoomEnvironment.js]
[webtactics.org/Assets/lenis-1.1.18.min513b.js]
[connect.facebook.net/en_US/fbevents.js]
[webtactics.org/api/track.html]
[challenges.cloudflare.com/turnstile/v0/g/330e41bb475c/api.js]
[webtactics.org/Assets/wt-phoneaaa7.js]
[webtactics.org/Assets/wt-trackaaa7.js]
[webtactics.org/Assets/founder-large.webp]
[webtactics.org/about.html]
[webtactics.org/gallery.html]
[webtactics.org/case-studies.html]
[webtactics.org/blog.html]
[webtactics.org/api/blog-posts.json]
[webtactics.org/Assets/Pieces/web/designers-hub-website.webp]
[webtactics.org/Assets/Pieces/web/brand-booster-website.webp]
[webtactics.org/Assets/Pieces/web/istarahat-ae-website.webp]
[webtactics.org/Assets/Pieces/web/axe-capital-website.webp]
[webtactics.org/Assets/Pieces/web/new-world-technologies-website.webp]
[webtactics.org/Assets/Pieces/web/bite-bloom-website.webp]
[webtactics.org/Assets/Pieces/web/selas-official-website.webp]
[webtactics.org/Assets/generated/shop-hero.webp]
[webtactics.org/pricing.html]
[webtactics.org/contact.html]
[webtactics.org/privacy.html]
[webtactics.org/terms.html]
[webtactics.org/${bg}.html]
[webtactics.org/api/lead.json]
[webtactics.org/start.html]
[webtactics.org/UnrealBloomPass.html]
[webtactics.org/signals/config/index.html]
[webtactics.org/t.html]
[webtactics.org/e.html]
[webtactics.org/signals/plugins/index.html]
[webtactics.org/schema.org/index.html]
[webtactics.org/t.resolvedLink.html]
[webtactics.org/o.html]
[webtactics.org/signals/iwl.html]
[webtactics.org/signals/iwl0fc5.html]
[webtactics.org/n[e].html]
[webtactics.org/t,window.location.href.html]
[webtactics.org/e,window.location.href.html]
[webtactics.org/cdn-cgi/challenge-platform/index.html]
[webtactics.org/fr/index.html]
[webtactics.org/n.html]
[webtactics.org/N-2.html]
[webtactics.org/c/index.html]
[webtactics.org/el.href __ raw, location.href.html]
[webtactics.org/wa.html]
[webtactics.org/el.href, location.href.html]
[webtactics.org/Assets/siteaaa7.css]
[cdn.jsdelivr.net/npm/lenis@1.0.42/dist/lenis.min.js]
[webtactics.org/service3a7a.html]
[webtactics.org/service16cb.html]
[webtactics.org/servicedf3d.html]
[webtactics.org/service9db0.html]
[webtactics.org/web-design-agency-dubai.html]
[webtactics.org/ecommerce-website-dubai.html]
[webtactics.org/arabic-website-design.html]
[webtactics.org/Assets/siteaaa7.js]
[webtactics.org/Assets/gallery-data513b.js]
[webtactics.org/web/index.html]
[webtactics.org/web/m/index.html]
[webtactics.org/url, location.href.html]
[webtactics.org/${c.toDataURL(.html]
[webtactics.org/start3a7a.html]
[webtactics.org/service82c6.html]
[webtactics.org/start82c6.html]
[webtactics.org/servicecad5.html]
[webtactics.org/startcad5.html]
[webtactics.org/start9db0.html]
[webtactics.org/startdf3d.html]
[webtactics.org/Assets/generated/service-platforms.webp]
[webtactics.org/start16cb.html]
[webtactics.org/service9921.html]
[webtactics.org/Assets/generated/service-mobile.webp]
[webtactics.org/start9921.html]
[webtactics.org/service06f1.html]
[webtactics.org/Assets/generated/service-ai-automation.webp]
[webtactics.org/start06f1.html]
[webtactics.org/poster.html]
[webtactics.org/Assets/founder.webp]
[webtactics.org/ar/web-design-agency-dubai.html]
[webtactics.org/ar/ecommerce-website-dubai.html]
[webtactics.org/ar/arabic-website-design.html]
