[borealis.cool/favicon-32.png]
[borealis.cool/apple-touch-icon.png]
[backblue.gif]
[fade.gif]
[index.html]
[borealis.cool/fonts/PPNeueMachina-Ultrabold.otf]
[borealis.cool/fonts/PPNeueMachina-Regular.otf]
[borealis.cool/fonts/PPNeueMachina-Light.otf]
[borealis.cool/fonts/JetBrainsMono-Variable.ttf]
[borealis.cool/server-rack.glb]
[borealis.cool/trane-yc40.glb]
[borealis.cool/og-image30f4.png]
[borealis.cool/index.html]
[borealis.cool/favicon.svg]
[borealis.cool/assets/index-CXsn75Rf.js]
[borealis.cool/assets/chunk-BNv3lrIs.js]
[borealis.cool/assets/preload-helper-ca-nBW7U.js]
[borealis.cool/assets/jsx-runtime-kJazARoa.js]
[borealis.cool/assets/react-BFwN_vxz.js]
[borealis.cool/assets/scheduler-CYsWOjxp.js]
[borealis.cool/fonts/JetBrainsMono-Italic-Variable.ttf]
[borealis.cool/fonts/InterVariable.woff2]
[borealis.cool/assets/index-B7iaG9PV.css]
[borealis.cool/assets/constants-Dg99kINN.js]
[borealis.cool/assets/three.module-IFVRcQ3V.js]
[borealis.cool/assets/Environment-DLiK-dx-.js]
[borealis.cool/assets/OrbitControls-CBY4kLRJ.js]
[borealis.cool/assets/CduLab-D9TL5sD1.js]
[borealis.cool/assets/LedDotPanel-CXuXEHOQ.js]
[borealis.cool/assets/ZilmetTank-RY-iHwmm.js]
[borealis.cool/assets/revealEffects-Dj1HItpU.js]
[borealis.cool/assets/dist-CTEAjoAR.js]
[borealis.cool/assets/fflate.module-BxZJy72u.js]
[borealis.cool/assets/Pipe-BmGoQtiM.js]
[borealis.cool/assets/ServerRack-Ci17Slak.js]
[borealis.cool/assets/Gltf-D-DnJwCQ.js]
[borealis.cool/assets/BufferGeometryUtils-VRYhHpB6.js]
[borealis.cool/assets/TourAnnotation-BE-5NIO5.js]
[borealis.cool/assets/TraneYc40-DV5nvMyQ.js]
[borealis.cool/assets/VegaDeepDive-D6l-I3bM.js]
[borealis.cool/assets/animate-0jYvRpiP.js]
[borealis.cool/assets/proxy-BVMMuJ-v.js]
[borealis.cool/assets/use-transform-qBkvCbBo.js]
[borealis.cool/assets/copy-DliY2mjT.js]
[borealis.cool/assets/Deck-DuMz7iAa.js]
[borealis.cool/assets/DeckGlobe-CCs3rtwn.js]
[borealis.cool/assets/BorealisField-BSCxZJa3.js]
[borealis.cool/assets/Stage-CLyick5f.js]
[borealis.cool/assets/OnePager-CYCzSQos.js]
[borealis.cool/assets/SphereSnapshot-B_pkBNal.js]
[borealis.cool/assets/V2-BcY5fpnp.js]
[borealis.cool/assets/Contact-BHTgcjmC.js]
[borealis.cool/assets/cdu-snapshot-BusOV8H2.js]
[borealis.cool/assets/V2RoomTest-B7Fgdjpv.js]
[borealis.cool/assets/RackRoom-D_XZoaSn.js]
[borealis.cool/assets/EngravedBPanels-DeLfzHP8.js]
[borealis.cool/assets/podRackKit-B72y_GWU.js]
[borealis.cool/assets/RoundedBox-C27vGl6I.js]
[borealis.cool/assets/V2CduTest-Cdia6dCZ.js]
[borealis.cool/assets/CduUnit-DuF21TLe.js]
[borealis.cool/assets/V2CduLab-DOhCpUKf.js]
[borealis.cool/assets/V2Ecosystem-D8-UWZmF.js]
[borealis.cool/assets/V2Ecosystem-D6tif-iL.js]
[borealis.cool/assets/VegaChiller-B0wF8fFq.js]
[borealis.cool/assets/V2VegaTest-DjAMJFdM.js]
[borealis.cool/assets/ServerShowcase-CLp-gbUn.js]
[borealis.cool/assets/RackPieces-43uxiNRu.js]
[borealis.cool/assets/V2AioTest-Db8e-hwe.js]
[borealis.cool/assets/t.html]
[borealis.cool/assets/e.html]
[borealis.cool/assets/e.href.html]
[borealis.cool/assets/window.location.href.html]
[borealis.cool/assets/assets/chunk-BNv3lrIs.html]
[borealis.cool/assets/assets/jsx-runtime-kJazARoa.html]
[borealis.cool/assets/assets/react-BFwN_vxz.html]
[borealis.cool/assets/assets/GLTFExporter-Djr7T18Y.html]
[borealis.cool/assets/assets/three.module-IFVRcQ3V.html]
[borealis.cool/assets/assets/USDZExporter-0JjCeBNR.html]
